
> neural-web@0.1.0 build
> next build

▲ Next.js 16.2.6 (Turbopack)
- Environments: .env.local, .env

⚠ The "middleware" file convention is deprecated. Please use "proxy" instead. Learn more: https://nextjs.org/docs/messages/middleware-to-proxy
  Creating an optimized production build ...
✓ Compiled successfully in 58s
  Running TypeScript ...
  Finished TypeScript in 51s ...
  Collecting page data using 7 workers ...
  Generating static pages using 7 workers (0/22) ...
  Generating static pages using 7 workers (5/22) 
  Generating static pages using 7 workers (10/22) 
  Generating static pages using 7 workers (16/22) 
✓ Generating static pages using 7 workers (22/22) in 9.9s
  Finalizing page optimization ...

Route (app)
┌ ○ /
├ ○ /_not-found
├ ○ /admin
├ ○ /admin/agents
├ ○ /admin/domains
├ ○ /admin/logs
├ ○ /admin/models
├ ○ /admin/prompt-config
├ ○ /admin/workflows
├ ○ /agents
├ ƒ /agents/[id]
├ ƒ /agents/[id]/playground
├ ○ /analytics
├ ○ /api-keys
├ ƒ /api/neural/[...path]
├ ○ /auth/callback
├ ○ /billing
├ ○ /dashboard
├ ○ /image-generation
├ ○ /knowledge-base
├ ƒ /knowledge-base/[id]
├ ○ /models
├ ○ /settings
├ ○ /workflows
└ ƒ /workflows/[id]


ƒ Proxy (Middleware)

○  (Static)   prerendered as static content
ƒ  (Dynamic)  server-rendered on demand

